#-----------------------------------------------------------
# Vivado v2024.1 (64-bit)
# SW Build 5076996 on Wed May 22 18:37:14 MDT 2024
# IP Build 5075265 on Wed May 22 21:45:21 MDT 2024
# SharedData Build 5076995 on Wed May 22 18:29:18 MDT 2024
# Start of session at: Tue Mar 25 14:07:09 2025
# Process ID: 7840
# Current directory: C:/FPGA_lab/lab/vending_machine/vending_machine.runs/impl_1
# Command line: vivado.exe -log vm.vdi -applog -product Vivado -messageDb vivado.pb -mode batch -source vm.tcl -notrace
# Log file: C:/FPGA_lab/lab/vending_machine/vending_machine.runs/impl_1/vm.vdi
# Journal file: C:/FPGA_lab/lab/vending_machine/vending_machine.runs/impl_1\vivado.jou
# Running On        :Shreeya_k
# Platform          :Windows Server 2016 or Windows 10
# Operating System  :26100
# Processor Detail  :11th Gen Intel(R) Core(TM) i5-1135G7 @ 2.40GHz
# CPU Frequency     :2419 MHz
# CPU Physical cores:4
# CPU Logical cores :8
# Host memory       :16905 MB
# Swap memory       :9669 MB
# Total Virtual     :26575 MB
# Available Virtual :669 MB
#-----------------------------------------------------------
source vm.tcl -notrace
